
> cutn-stitch@0.1.0 build
> next build

▲ Next.js 16.2.10 (Turbopack)

  Creating an optimized production build ...
✓ Compiled successfully in 12.5s
  Running TypeScript ...
  Finished TypeScript in 13.5s ...
  Collecting page data using 9 workers ...
  Generating static pages using 9 workers (0/55) ...
  Generating static pages using 9 workers (13/55) 
  Generating static pages using 9 workers (27/55) 
  Generating static pages using 9 workers (41/55) 
✓ Generating static pages using 9 workers (55/55) in 10.1s
  Finalizing page optimization ...

Route (app)
┌ ○ /
├ ○ /_not-found
├ ○ /live-stock
├ ● /products/[category]
│ ├ /products/regular-fit
│ ├ /products/polo
│ ├ /products/oversized
│ └ [+4 more paths]
├ ● /products/[category]/[variant]
│ ├ /products/regular-fit/cotton-180gsm
│ ├ /products/regular-fit/polycotton-180gsm
│ ├ /products/regular-fit/polyester-90gsm
│ └ [+32 more paths]
└ ● /products/details/[slug]
  ├ /products/details/oversized-t-shirts
  ├ /products/details/regular-fit-t-shirts
  ├ /products/details/polo-t-shirts
  └ [+5 more paths]


○  (Static)  prerendered as static content
●  (SSG)     prerendered as static HTML (uses generateStaticParams)

